   0.000 2026-08-26 00:12:41; Factorio 2.0.69 (build 84148, linux64, headless, space-age)
   0.008 Operating system: Linux (Ubuntu 24.04)
   0.008 Program arguments: "work/factorio/bin/x64/factorio" "--start-server" "work/candidate.zip" "--mod-directory" "work/mods" "--server-settings" "work/server-settings.json" "--rcon-port" "27521" "--rcon-password" <private> 
   0.008 Config path: /home/runner/work/factorio-clone/factorio-clone/work/factorio/config/config.ini
   0.008 Read data path: /home/runner/work/factorio-clone/factorio-clone/work/factorio/data
   0.008 Write data path: /home/runner/work/factorio-clone/factorio-clone/work/factorio [86910/147718MB]
   0.008 Binaries path: /home/runner/work/factorio-clone/factorio-clone/work/factorio/bin
   0.017 System info: [CPU: AMD EPYC 9V74 80-Core Processor, 4 cores, RAM: 15989 MB]
   0.017 Environment: DISPLAY=<unset> WAYLAND_DISPLAY=<unset> DESKTOP_SESSION=<unset> XDG_SESSION_DESKTOP=<unset> XDG_CURRENT_DESKTOP=<unset> SDL_VIDEODRIVER=<unset> __GL_FSAA_MODE=<unset> __GL_LOG_MAX_ANISO=<unset> __GL_SYNC_TO_VBLANK=<unset> __GL_SORT_FBCONFIGS=<unset> __GL_YIELD=<unset>
   0.041 Running in headless mode
   0.041 Audio is disabled
   0.053 Info ModManager.cpp:444: FeatureFlag expansion-shaders = false
   0.053 Info ModManager.cpp:444: FeatureFlag freezing = false
   0.053 Info ModManager.cpp:444: FeatureFlag quality = false
   0.053 Info ModManager.cpp:444: FeatureFlag rail-bridges = false
   0.053 Info ModManager.cpp:444: FeatureFlag segmented-units = false
   0.053 Info ModManager.cpp:444: FeatureFlag space-travel = false
   0.053 Info ModManager.cpp:444: FeatureFlag spoiling = false
   0.055 Loading mod settings aai-containers 0.3.1 (settings.lua)
   0.055 Loading mod settings aai-loaders 0.2.7 (settings.lua)
   0.055 Loading mod settings informatron 0.4.0 (settings.lua)
   0.056 Loading mod settings jetpack 0.4.12 (settings.lua)
   0.056 Loading mod settings robot_attrition 0.6.3 (settings.lua)
   0.056 Loading mod settings space-exploration-menu-simulations 0.7.4 (settings.lua)
   0.056 Loading mod settings aai-industry 0.6.11 (settings.lua)
   0.057 Loading mod settings alien-biomes 0.7.4 (settings.lua)
   0.057 Loading mod settings combat-mechanics-overhaul 0.7.2 (settings.lua)
   0.057 Loading mod settings equipment-gantry 0.2.3 (settings.lua)
   0.058 Loading mod settings RateCalculator 3.3.7 (settings.lua)
   0.058 Loading mod settings space-exploration 0.7.27 (settings.lua)
   0.059 Loading mod settings space-exploration-postprocess 0.7.3 (settings.lua)
   0.061 Loading mod core 0.0.0 (data.lua)
   0.073 Loading mod base 2.0.69 (data.lua)
   0.205 Loading mod aai-containers 0.3.1 (data.lua)
   0.223 Loading mod aai-loaders 0.2.7 (data.lua)
   0.223 Script @__aai-loaders__/data.lua:5: Log mods once: {
  RateCalculator = "3.3.7",
  ["aai-containers"] = "0.3.1",
  ["aai-industry"] = "0.6.11",
  ["aai-loaders"] = "0.2.7",
  ["aai-signal-transmission"] = "0.5.1",
  ["alien-biomes"] = "0.7.4",
  ["alien-biomes-graphics"] = "0.7.1",
  base = "2.0.69",
  ["bullet-trails"] = "0.7.1",
  ["combat-mechanics-overhaul"] = "0.7.2",
  ["equipment-gantry"] = "0.2.3",
  factoryplanner = "2.0.35",
  flib = "0.16.3",
  ["grappling-gun"] = "0.4.1",
  informatron = "0.4.0",
  jetpack = "0.4.12",
  ["logistic-helper"] = "2.1.0",
  robot_attrition = "0.6.3",
  ["shield-projector"] = "0.2.2",
  ["space-exploration"] = "0.7.27",
  ["space-exploration-graphics"] = "0.7.5",
  ["space-exploration-graphics-2"] = "0.7.2",
  ["space-exploration-graphics-3"] = "0.7.2",
  ["space-exploration-graphics-4"] = "0.7.2",
  ["space-exploration-graphics-5"] = "0.7.2",
  ["space-exploration-menu-simulations"] = "0.7.4",
  ["space-exploration-postprocess"] = "0.7.3",
  textplates = "0.7.2"
}
   0.239 Loading mod aai-signal-transmission 0.5.1 (data.lua)
   0.253 Loading mod bullet-trails 0.7.1 (data.lua)
   0.267 Loading mod flib 0.16.3 (data.lua)
   0.285 Loading mod grappling-gun 0.4.1 (data.lua)
   0.297 Loading mod informatron 0.4.0 (data.lua)
   0.308 Loading mod jetpack 0.4.12 (data.lua)
   0.319 Loading mod logistic-helper 2.1.0 (data.lua)
   0.330 Loading mod robot_attrition 0.6.3 (data.lua)
   0.340 Loading mod space-exploration-menu-simulations 0.7.4 (data.lua)
   0.351 Loading mod textplates 0.7.2 (data.lua)
   0.378 Loading mod aai-industry 0.6.11 (data.lua)
   0.404 Loading mod alien-biomes 0.7.4 (data.lua)
   0.504 Script @__alien-biomes__/prototypes/entity/trees.lua:47: Disabling tree tree-01
   0.504 Script @__alien-biomes__/prototypes/entity/trees.lua:47: Disabling tree tree-02
   0.504 Script @__alien-biomes__/prototypes/entity/trees.lua:47: Disabling tree tree-02-red
   0.504 Script @__alien-biomes__/prototypes/entity/trees.lua:47: Disabling tree tree-03
   0.504 Script @__alien-biomes__/prototypes/entity/trees.lua:47: Disabling tree tree-04
   0.504 Script @__alien-biomes__/prototypes/entity/trees.lua:47: Disabling tree tree-05
   0.504 Script @__alien-biomes__/prototypes/entity/trees.lua:47: Disabling tree tree-06
   0.504 Script @__alien-biomes__/prototypes/entity/trees.lua:47: Disabling tree tree-06-brown
   0.504 Script @__alien-biomes__/prototypes/entity/trees.lua:47: Disabling tree tree-07
   0.504 Script @__alien-biomes__/prototypes/entity/trees.lua:47: Disabling tree tree-08
   0.504 Script @__alien-biomes__/prototypes/entity/trees.lua:47: Disabling tree tree-08-brown
   0.504 Script @__alien-biomes__/prototypes/entity/trees.lua:47: Disabling tree tree-08-red
   0.504 Script @__alien-biomes__/prototypes/entity/trees.lua:47: Disabling tree tree-09
   0.504 Script @__alien-biomes__/prototypes/entity/trees.lua:47: Disabling tree tree-09-brown
   0.504 Script @__alien-biomes__/prototypes/entity/trees.lua:47: Disabling tree tree-09-red
   0.504 Script @__alien-biomes__/prototypes/entity/trees.lua:47: Disabling tree dry-tree
   0.504 Script @__alien-biomes__/prototypes/entity/trees.lua:47: Disabling tree dead-tree-desert
   0.504 Script @__alien-biomes__/prototypes/entity/trees.lua:47: Disabling tree dead-grey-trunk
   0.504 Script @__alien-biomes__/prototypes/entity/trees.lua:47: Disabling tree dead-dry-hairy-tree
   0.504 Script @__alien-biomes__/prototypes/entity/trees.lua:47: Disabling tree dry-hairy-tree
   0.570 Loading mod combat-mechanics-overhaul 0.7.2 (data.lua)
   0.600 Loading mod equipment-gantry 0.2.3 (data.lua)
   0.627 Loading mod factoryplanner 2.0.35 (data.lua)
   0.652 Loading mod RateCalculator 3.3.7 (data.lua)
   0.677 Loading mod shield-projector 0.2.2 (data.lua)
   0.705 Loading mod space-exploration 0.7.27 (data.lua)
   0.824 Loading mod base 2.0.69 (data-updates.lua)
   0.856 Loading mod aai-loaders 0.2.7 (data-updates.lua)
   0.889 Loading mod bullet-trails 0.7.1 (data-updates.lua)
   0.921 Loading mod textplates 0.7.2 (data-updates.lua)
   0.952 Loading mod aai-industry 0.6.11 (data-updates.lua)
   0.993 Loading mod alien-biomes 0.7.4 (data-updates.lua)
   1.027 Loading mod space-exploration 0.7.27 (data-updates.lua)
   1.070 Loading mod aai-containers 0.3.1 (data-final-fixes.lua)
   1.102 Loading mod aai-loaders 0.2.7 (data-final-fixes.lua)
   1.133 Loading mod jetpack 0.4.12 (data-final-fixes.lua)
   1.168 Loading mod robot_attrition 0.6.3 (data-final-fixes.lua)
   1.199 Loading mod aai-industry 0.6.11 (data-final-fixes.lua)
   1.243 Loading mod alien-biomes 0.7.4 (data-final-fixes.lua)
   1.273 Script @__alien-biomes__/data-final-fixes.lua:204: Setting decals to layer 246
   1.311 Loading mod combat-mechanics-overhaul 0.7.2 (data-final-fixes.lua)
   1.348 Loading mod space-exploration 0.7.27 (data-final-fixes.lua)
   1.481 Script @__space-exploration__/prototypes/phase-3/resources.lua:43: Resource can place: iron-ore
   1.482 Script @__space-exploration__/prototypes/phase-3/resources.lua:43: Resource can place: copper-ore
   1.482 Script @__space-exploration__/prototypes/phase-3/resources.lua:43: Resource can place: coal
   1.482 Script @__space-exploration__/prototypes/phase-3/resources.lua:43: Resource can place: stone
   1.482 Script @__space-exploration__/prototypes/phase-3/resources.lua:43: Resource can place: uranium-ore
   1.482 Script @__space-exploration__/prototypes/phase-3/resources.lua:43: Resource can place: crude-oil
   1.482 Script @__space-exploration__/prototypes/phase-3/resources.lua:43: Resource can place: se-water-ice
   1.482 Script @__space-exploration__/prototypes/phase-3/resources.lua:43: Resource can place: se-methane-ice
   1.482 Script @__space-exploration__/prototypes/phase-3/resources.lua:43: Resource can place: se-beryllium-ore
   1.482 Script @__space-exploration__/prototypes/phase-3/resources.lua:43: Resource can place: se-cryonite
   1.482 Script @__space-exploration__/prototypes/phase-3/resources.lua:43: Resource can place: se-holmium-ore
   1.482 Script @__space-exploration__/prototypes/phase-3/resources.lua:43: Resource can place: se-iridium-ore
   1.482 Script @__space-exploration__/prototypes/phase-3/resources.lua:43: Resource can place: se-naquium-ore
   1.482 Script @__space-exploration__/prototypes/phase-3/resources.lua:43: Resource can place: se-vulcanite
   1.482 Script @__space-exploration__/prototypes/phase-3/resources.lua:43: Resource can place: se-vitamelange
   1.490 Script @__space-exploration__/data-final-fixes.lua:90: Orphaned recipe: pistol
   1.490 Script @__space-exploration__/data-final-fixes.lua:90: Orphaned recipe: loader
   1.490 Script @__space-exploration__/data-final-fixes.lua:90: Orphaned recipe: fast-loader
   1.490 Script @__space-exploration__/data-final-fixes.lua:90: Orphaned recipe: express-loader
   1.490 Script @__space-exploration__/data-final-fixes.lua:90: Orphaned recipe: equipment-gantry-insert
   1.490 Script @__space-exploration__/data-final-fixes.lua:90: Orphaned recipe: equipment-gantry-remove
   1.490 Script @__space-exploration__/data-final-fixes.lua:90: Orphaned recipe: se-rocket-launch-pad-silo-dummy-recipe
   1.490 Script @__space-exploration__/data-final-fixes.lua:90: Orphaned recipe: se-iridium-piledriver
   1.490 Script @__space-exploration__/data-final-fixes.lua:90: Orphaned recipe: se-space-probe-rocket-deploy
   1.527 Loading mod space-exploration-postprocess 0.7.3 (data-final-fixes.lua)
   1.874 Checksum for core: 3316885848
   1.874 Checksum of base: 111201062
   1.874 Checksum of aai-containers: 204497985
   1.874 Checksum of aai-loaders: 3396813620
   1.874 Checksum of aai-signal-transmission: 3683795462
   1.874 Checksum of alien-biomes-graphics: 0
   1.874 Checksum of bullet-trails: 3844283971
   1.874 Checksum of flib: 728527376
   1.874 Checksum of grappling-gun: 173060557
   1.874 Checksum of informatron: 1824090339
   1.874 Checksum of jetpack: 3294144380
   1.874 Checksum of logistic-helper: 2325940917
   1.874 Checksum of robot_attrition: 4055476612
   1.874 Checksum of space-exploration-graphics: 0
   1.874 Checksum of space-exploration-graphics-2: 0
   1.874 Checksum of space-exploration-graphics-3: 0
   1.874 Checksum of space-exploration-graphics-4: 0
   1.874 Checksum of space-exploration-graphics-5: 0
   1.874 Checksum of space-exploration-menu-simulations: 982088517
   1.874 Checksum of textplates: 1586580192
   1.874 Checksum of aai-industry: 2403657442
   1.874 Checksum of alien-biomes: 4229516688
   1.874 Checksum of combat-mechanics-overhaul: 2159107297
   1.874 Checksum of equipment-gantry: 1577319214
   1.874 Checksum of factoryplanner: 3898654475
   1.874 Checksum of RateCalculator: 1295360039
   1.874 Checksum of shield-projector: 4058400129
   1.874 Checksum of space-exploration: 267834457
   1.874 Checksum of space-exploration-postprocess: 1614723056
   2.401 Prototype list checksum: 1957945876
   2.472 Info PlayerData.cpp:66: Local player-data.json unavailable
   2.472 Info PlayerData.cpp:71: Cloud player-data.json unavailable
   2.473 Factorio initialised
   2.473 Info ServerSynchronizer.cpp:22: nextHeartbeatSequenceNumber(0) initialized Synchronizer nextTickClosureTick(0).
   2.473 Info ServerMultiplayerManager.cpp:808: updateTick(18446744073709551615) changing state from(Ready) to(PreparedToHostGame)
   2.473 Info ServerMultiplayerManager.cpp:808: updateTick(18446744073709551615) changing state from(PreparedToHostGame) to(CreatingGame)
   2.474 Loading map /home/runner/work/factorio-clone/factorio-clone/work/candidate.zip: 333236363 bytes.
   2.505 Loading level.dat: 1039356706 bytes.
   2.505 Info Scenario.cpp:153: Map version 2.0.69-0
  37.074 Blueprint storage "blueprint-storage-2.dat" was not found, trying to load previous version storage "blueprint-storage.dat"
  43.793 Loading script.dat: 17440993 bytes.
  43.829 Checksum for script __level__/control.lua: 3473396976
  43.831 Checksum for script __aai-loaders__/control.lua: 3661201938
  43.833 Checksum for script __aai-signal-transmission__/control.lua: 624345367
  43.835 Checksum for script __grappling-gun__/control.lua: 686235828
  43.837 Checksum for script __informatron__/control.lua: 2950852081
  43.841 Checksum for script __jetpack__/control.lua: 454822500
  43.845 Checksum for script __logistic-helper__/control.lua: 756459151
  43.846 Checksum for script __robot_attrition__/control.lua: 2746672974
  43.847 Checksum for script __textplates__/control.lua: 3558670443
  43.848 Checksum for script __aai-industry__/control.lua: 1071343060
  43.849 Checksum for script __alien-biomes__/control.lua: 3316854230
  43.850 Checksum for script __equipment-gantry__/control.lua: 3347912984
  43.876 Checksum for script __factoryplanner__/control.lua: 3673977240
  43.881 Checksum for script __RateCalculator__/control.lua: 3217831011
  43.884 Checksum for script __shield-projector__/control.lua: 2942179229
  43.999 Checksum for script __space-exploration__/control.lua: 931948474
  47.548 Info UDPSocket.cpp:37: Opening socket at (IP ADDR:({0.0.0.0:34197}))
  47.548 Hosting game at IP ADDR:({0.0.0.0:34197})
  47.548 Info ServerMultiplayerManager.cpp:808: updateTick(51082966) changing state from(CreatingGame) to(InGame)
  47.548 Error InterruptibleStdioStream.cpp:55: Got EOF on stdin; closing
  47.548 Info RemoteCommandProcessor.cpp:126: Starting RCON interface at IP ADDR:({0.0.0.0:27521})
  48.206 Info RemoteCommandProcessor.cpp:245: New RCON connection from IP ADDR:({127.0.0.1:33114})
  55.365 Received SIGTERM, shutting down
  55.433 Quitting: signal.
  55.433 Info MainLoop.cpp:436: Saving map as /home/runner/work/factorio-clone/factorio-clone/work/candidate.zip
  56.603 Info MainLoop.cpp:447: Saving progress: 0.000187%
  57.603 Info MainLoop.cpp:447: Saving progress: 9.147275%
