   0.000 2026-08-25 23:40:41; Factorio 2.0.66 (build 83840, linux64, headless, space-age)
   0.008 Operating system: Linux (Ubuntu 24.04)
   0.008 Program arguments: "work/factorio/bin/x64/factorio" "--start-server" "work/candidate.zip" "--mod-directory" "work/mods" "--server-settings" "work/server-settings.json" "--rcon-port" "27521" "--rcon-password" <private> 
   0.008 Config path: /home/runner/work/factorio-clone/factorio-clone/work/factorio/config/config.ini
   0.008 Read data path: /home/runner/work/factorio-clone/factorio-clone/work/factorio/data
   0.008 Write data path: /home/runner/work/factorio-clone/factorio-clone/work/factorio [87226/147718MB]
   0.008 Binaries path: /home/runner/work/factorio-clone/factorio-clone/work/factorio/bin
   0.017 System info: [CPU: AMD EPYC 9V74 80-Core Processor, 4 cores, RAM: 15989 MB]
   0.017 Environment: DISPLAY=<unset> WAYLAND_DISPLAY=<unset> DESKTOP_SESSION=<unset> XDG_SESSION_DESKTOP=<unset> XDG_CURRENT_DESKTOP=<unset> SDL_VIDEODRIVER=<unset> __GL_FSAA_MODE=<unset> __GL_LOG_MAX_ANISO=<unset> __GL_SYNC_TO_VBLANK=<unset> __GL_SORT_FBCONFIGS=<unset> __GL_YIELD=<unset>
   0.033 Running in headless mode
   0.033 Audio is disabled
   0.042 Info ModManager.cpp:444: FeatureFlag expansion-shaders = false
   0.042 Info ModManager.cpp:444: FeatureFlag freezing = false
   0.042 Info ModManager.cpp:444: FeatureFlag quality = false
   0.042 Info ModManager.cpp:444: FeatureFlag rail-bridges = false
   0.042 Info ModManager.cpp:444: FeatureFlag segmented-units = false
   0.042 Info ModManager.cpp:444: FeatureFlag space-travel = false
   0.042 Info ModManager.cpp:444: FeatureFlag spoiling = false
   0.044 Loading mod settings aai-containers 0.3.1 (settings.lua)
   0.044 Loading mod settings aai-loaders 0.2.7 (settings.lua)
   0.044 Loading mod settings informatron 0.4.0 (settings.lua)
   0.045 Loading mod settings jetpack 0.4.12 (settings.lua)
   0.045 Loading mod settings robot_attrition 0.6.3 (settings.lua)
   0.045 Loading mod settings space-exploration-menu-simulations 0.7.4 (settings.lua)
   0.045 Loading mod settings aai-industry 0.6.11 (settings.lua)
   0.046 Loading mod settings alien-biomes 0.7.4 (settings.lua)
   0.046 Loading mod settings combat-mechanics-overhaul 0.7.2 (settings.lua)
   0.047 Loading mod settings equipment-gantry 0.2.3 (settings.lua)
   0.047 Loading mod settings RateCalculator 3.3.7 (settings.lua)
   0.047 Loading mod settings space-exploration 0.7.27 (settings.lua)
   0.048 Loading mod settings space-exploration-postprocess 0.7.3 (settings.lua)
   0.050 Loading mod core 0.0.0 (data.lua)
   0.062 Loading mod base 2.0.66 (data.lua)
   0.195 Loading mod aai-containers 0.3.1 (data.lua)
   0.211 Loading mod aai-loaders 0.2.7 (data.lua)
   0.211 Script @__aai-loaders__/data.lua:5: Log mods once: {
  RateCalculator = "3.3.7",
  ["aai-containers"] = "0.3.1",
  ["aai-industry"] = "0.6.11",
  ["aai-loaders"] = "0.2.7",
  ["aai-signal-transmission"] = "0.5.1",
  ["alien-biomes"] = "0.7.4",
  ["alien-biomes-graphics"] = "0.7.1",
  base = "2.0.66",
  ["bullet-trails"] = "0.7.1",
  ["combat-mechanics-overhaul"] = "0.7.2",
  ["equipment-gantry"] = "0.2.3",
  factoryplanner = "2.0.35",
  flib = "0.16.3",
  ["grappling-gun"] = "0.4.1",
  informatron = "0.4.0",
  jetpack = "0.4.12",
  ["logistic-helper"] = "2.1.0",
  robot_attrition = "0.6.3",
  ["shield-projector"] = "0.2.2",
  ["space-exploration"] = "0.7.27",
  ["space-exploration-graphics"] = "0.7.5",
  ["space-exploration-graphics-2"] = "0.7.2",
  ["space-exploration-graphics-3"] = "0.7.2",
  ["space-exploration-graphics-4"] = "0.7.2",
  ["space-exploration-graphics-5"] = "0.7.2",
  ["space-exploration-menu-simulations"] = "0.7.4",
  ["space-exploration-postprocess"] = "0.7.3",
  textplates = "0.7.2"
}
   0.224 Loading mod aai-signal-transmission 0.5.1 (data.lua)
   0.236 Loading mod bullet-trails 0.7.1 (data.lua)
   0.246 Loading mod flib 0.16.3 (data.lua)
   0.258 Loading mod grappling-gun 0.4.1 (data.lua)
   0.274 Loading mod informatron 0.4.0 (data.lua)
   0.289 Loading mod jetpack 0.4.12 (data.lua)
   0.304 Loading mod logistic-helper 2.1.0 (data.lua)
   0.318 Loading mod robot_attrition 0.6.3 (data.lua)
   0.333 Loading mod space-exploration-menu-simulations 0.7.4 (data.lua)
   0.348 Loading mod textplates 0.7.2 (data.lua)
   0.378 Loading mod aai-industry 0.6.11 (data.lua)
   0.409 Loading mod alien-biomes 0.7.4 (data.lua)
   0.511 Script @__alien-biomes__/prototypes/entity/trees.lua:47: Disabling tree tree-01
   0.511 Script @__alien-biomes__/prototypes/entity/trees.lua:47: Disabling tree tree-02
   0.511 Script @__alien-biomes__/prototypes/entity/trees.lua:47: Disabling tree tree-02-red
   0.511 Script @__alien-biomes__/prototypes/entity/trees.lua:47: Disabling tree tree-03
   0.511 Script @__alien-biomes__/prototypes/entity/trees.lua:47: Disabling tree tree-04
   0.511 Script @__alien-biomes__/prototypes/entity/trees.lua:47: Disabling tree tree-05
   0.511 Script @__alien-biomes__/prototypes/entity/trees.lua:47: Disabling tree tree-06
   0.511 Script @__alien-biomes__/prototypes/entity/trees.lua:47: Disabling tree tree-06-brown
   0.511 Script @__alien-biomes__/prototypes/entity/trees.lua:47: Disabling tree tree-07
   0.511 Script @__alien-biomes__/prototypes/entity/trees.lua:47: Disabling tree tree-08
   0.511 Script @__alien-biomes__/prototypes/entity/trees.lua:47: Disabling tree tree-08-brown
   0.511 Script @__alien-biomes__/prototypes/entity/trees.lua:47: Disabling tree tree-08-red
   0.511 Script @__alien-biomes__/prototypes/entity/trees.lua:47: Disabling tree tree-09
   0.511 Script @__alien-biomes__/prototypes/entity/trees.lua:47: Disabling tree tree-09-brown
   0.511 Script @__alien-biomes__/prototypes/entity/trees.lua:47: Disabling tree tree-09-red
   0.511 Script @__alien-biomes__/prototypes/entity/trees.lua:47: Disabling tree dry-tree
   0.511 Script @__alien-biomes__/prototypes/entity/trees.lua:47: Disabling tree dead-tree-desert
   0.511 Script @__alien-biomes__/prototypes/entity/trees.lua:47: Disabling tree dead-grey-trunk
   0.511 Script @__alien-biomes__/prototypes/entity/trees.lua:47: Disabling tree dead-dry-hairy-tree
   0.511 Script @__alien-biomes__/prototypes/entity/trees.lua:47: Disabling tree dry-hairy-tree
   0.568 Loading mod combat-mechanics-overhaul 0.7.2 (data.lua)
   0.593 Loading mod equipment-gantry 0.2.3 (data.lua)
   0.617 Loading mod factoryplanner 2.0.35 (data.lua)
   0.640 Loading mod RateCalculator 3.3.7 (data.lua)
   0.663 Loading mod shield-projector 0.2.2 (data.lua)
   0.687 Loading mod space-exploration 0.7.27 (data.lua)
   0.846 Loading mod base 2.0.66 (data-updates.lua)
   0.881 Loading mod aai-loaders 0.2.7 (data-updates.lua)
   0.917 Loading mod bullet-trails 0.7.1 (data-updates.lua)
   0.950 Loading mod textplates 0.7.2 (data-updates.lua)
   0.984 Loading mod aai-industry 0.6.11 (data-updates.lua)
   1.026 Loading mod alien-biomes 0.7.4 (data-updates.lua)
   1.067 Loading mod space-exploration 0.7.27 (data-updates.lua)
   1.112 Loading mod aai-containers 0.3.1 (data-final-fixes.lua)
   1.146 Loading mod aai-loaders 0.2.7 (data-final-fixes.lua)
   1.188 Loading mod jetpack 0.4.12 (data-final-fixes.lua)
   1.231 Loading mod robot_attrition 0.6.3 (data-final-fixes.lua)
   1.265 Loading mod aai-industry 0.6.11 (data-final-fixes.lua)
   1.303 Loading mod alien-biomes 0.7.4 (data-final-fixes.lua)
   1.333 Script @__alien-biomes__/data-final-fixes.lua:204: Setting decals to layer 246
   1.368 Loading mod combat-mechanics-overhaul 0.7.2 (data-final-fixes.lua)
   1.407 Loading mod space-exploration 0.7.27 (data-final-fixes.lua)
   1.540 Script @__space-exploration__/prototypes/phase-3/resources.lua:43: Resource can place: iron-ore
   1.540 Script @__space-exploration__/prototypes/phase-3/resources.lua:43: Resource can place: copper-ore
   1.540 Script @__space-exploration__/prototypes/phase-3/resources.lua:43: Resource can place: coal
   1.540 Script @__space-exploration__/prototypes/phase-3/resources.lua:43: Resource can place: stone
   1.540 Script @__space-exploration__/prototypes/phase-3/resources.lua:43: Resource can place: uranium-ore
   1.540 Script @__space-exploration__/prototypes/phase-3/resources.lua:43: Resource can place: crude-oil
   1.541 Script @__space-exploration__/prototypes/phase-3/resources.lua:43: Resource can place: se-water-ice
   1.541 Script @__space-exploration__/prototypes/phase-3/resources.lua:43: Resource can place: se-methane-ice
   1.541 Script @__space-exploration__/prototypes/phase-3/resources.lua:43: Resource can place: se-beryllium-ore
   1.541 Script @__space-exploration__/prototypes/phase-3/resources.lua:43: Resource can place: se-cryonite
   1.541 Script @__space-exploration__/prototypes/phase-3/resources.lua:43: Resource can place: se-holmium-ore
   1.541 Script @__space-exploration__/prototypes/phase-3/resources.lua:43: Resource can place: se-iridium-ore
   1.541 Script @__space-exploration__/prototypes/phase-3/resources.lua:43: Resource can place: se-naquium-ore
   1.541 Script @__space-exploration__/prototypes/phase-3/resources.lua:43: Resource can place: se-vulcanite
   1.541 Script @__space-exploration__/prototypes/phase-3/resources.lua:43: Resource can place: se-vitamelange
   1.549 Script @__space-exploration__/data-final-fixes.lua:90: Orphaned recipe: pistol
   1.549 Script @__space-exploration__/data-final-fixes.lua:90: Orphaned recipe: loader
   1.549 Script @__space-exploration__/data-final-fixes.lua:90: Orphaned recipe: fast-loader
   1.549 Script @__space-exploration__/data-final-fixes.lua:90: Orphaned recipe: express-loader
   1.549 Script @__space-exploration__/data-final-fixes.lua:90: Orphaned recipe: equipment-gantry-insert
   1.549 Script @__space-exploration__/data-final-fixes.lua:90: Orphaned recipe: equipment-gantry-remove
   1.549 Script @__space-exploration__/data-final-fixes.lua:90: Orphaned recipe: se-rocket-launch-pad-silo-dummy-recipe
   1.549 Script @__space-exploration__/data-final-fixes.lua:90: Orphaned recipe: se-iridium-piledriver
   1.549 Script @__space-exploration__/data-final-fixes.lua:90: Orphaned recipe: se-space-probe-rocket-deploy
   1.588 Loading mod space-exploration-postprocess 0.7.3 (data-final-fixes.lua)
   1.944 Checksum for core: 2271245941
   1.944 Checksum of base: 1151377329
   1.944 Checksum of aai-containers: 204497985
   1.944 Checksum of aai-loaders: 3396813620
   1.944 Checksum of aai-signal-transmission: 3683795462
   1.944 Checksum of alien-biomes-graphics: 0
   1.944 Checksum of bullet-trails: 3844283971
   1.944 Checksum of flib: 728527376
   1.944 Checksum of grappling-gun: 173060557
   1.944 Checksum of informatron: 1824090339
   1.944 Checksum of jetpack: 3294144380
   1.944 Checksum of logistic-helper: 2325940917
   1.944 Checksum of robot_attrition: 4055476612
   1.944 Checksum of space-exploration-graphics: 0
   1.944 Checksum of space-exploration-graphics-2: 0
   1.944 Checksum of space-exploration-graphics-3: 0
   1.944 Checksum of space-exploration-graphics-4: 0
   1.944 Checksum of space-exploration-graphics-5: 0
   1.944 Checksum of space-exploration-menu-simulations: 982088517
   1.944 Checksum of textplates: 1586580192
   1.944 Checksum of aai-industry: 2403657442
   1.944 Checksum of alien-biomes: 4229516688
   1.944 Checksum of combat-mechanics-overhaul: 2159107297
   1.944 Checksum of equipment-gantry: 1577319214
   1.944 Checksum of factoryplanner: 3898654475
   1.944 Checksum of RateCalculator: 1295360039
   1.944 Checksum of shield-projector: 4058400129
   1.944 Checksum of space-exploration: 267834457
   1.944 Checksum of space-exploration-postprocess: 1614723056
   2.483 Prototype list checksum: 4146598904
   2.571 Info PlayerData.cpp:66: Local player-data.json unavailable
   2.571 Info PlayerData.cpp:71: Cloud player-data.json unavailable
   2.572 Factorio initialised
   2.572 Info ServerSynchronizer.cpp:22: nextHeartbeatSequenceNumber(0) initialized Synchronizer nextTickClosureTick(0).
   2.572 Info ServerMultiplayerManager.cpp:808: updateTick(18446744073709551615) changing state from(Ready) to(PreparedToHostGame)
   2.572 Info ServerMultiplayerManager.cpp:808: updateTick(18446744073709551615) changing state from(PreparedToHostGame) to(CreatingGame)
   2.572 Loading map /home/runner/work/factorio-clone/factorio-clone/work/candidate.zip: 69043201 bytes.
   2.602 Loading level.dat: 229624409 bytes.
   2.602 Info Scenario.cpp:153: Map version 2.0.66-1
   9.324 Blueprint storage "blueprint-storage-2.dat" was not found, trying to load previous version storage "blueprint-storage.dat"
  10.512 Loading script.dat: 10048566 bytes.
  10.544 Checksum for script __level__/control.lua: 3473396976
  10.545 Checksum for script __aai-loaders__/control.lua: 3661201938
  10.547 Checksum for script __aai-signal-transmission__/control.lua: 624345367
  10.549 Checksum for script __grappling-gun__/control.lua: 686235828
  10.550 Checksum for script __informatron__/control.lua: 2950852081
  10.554 Checksum for script __jetpack__/control.lua: 454822500
  10.557 Checksum for script __logistic-helper__/control.lua: 756459151
  10.558 Checksum for script __robot_attrition__/control.lua: 2746672974
  10.560 Checksum for script __textplates__/control.lua: 3558670443
  10.561 Checksum for script __aai-industry__/control.lua: 1071343060
  10.561 Checksum for script __alien-biomes__/control.lua: 3316854230
  10.563 Checksum for script __equipment-gantry__/control.lua: 3347912984
  10.587 Checksum for script __factoryplanner__/control.lua: 3673977240
  10.592 Checksum for script __RateCalculator__/control.lua: 3217831011
  10.595 Checksum for script __shield-projector__/control.lua: 2942179229
  10.705 Checksum for script __space-exploration__/control.lua: 931948474
  11.669 Info UDPSocket.cpp:37: Opening socket at (IP ADDR:({0.0.0.0:34197}))
  11.669 Hosting game at IP ADDR:({0.0.0.0:34197})
  11.669 Info ServerMultiplayerManager.cpp:808: updateTick(6264001) changing state from(CreatingGame) to(InGame)
  11.670 Error InterruptibleStdioStream.cpp:55: Got EOF on stdin; closing
  11.670 Info RemoteCommandProcessor.cpp:126: Starting RCON interface at IP ADDR:({0.0.0.0:27521})
  12.077 Info RemoteCommandProcessor.cpp:245: New RCON connection from IP ADDR:({127.0.0.1:58170})
[PLAYER-LEAVE]xian780
[PLAYER-LEAVE]GoguSpatzialu
[PLAYER-LEAVE]gnus2
[PLAYER-LEAVE]kangzoel
[PLAYER-LEAVE]Chillet
[PLAYER-LEAVE]emm
[PLAYER-LEAVE]wekkka
[PLAYER-LEAVE]vvictor
[PLAYER-LEAVE]Finny0
[PLAYER-LEAVE]cowherder9
[PLAYER-LEAVE]nibu
[PLAYER-LEAVE]KampfGorilla93
[PLAYER-LEAVE]Al13Jo
[PLAYER-LEAVE]drakferion
  13.551 Received SIGTERM, shutting down
  13.551 Quitting: signal.
  13.551 Info MainLoop.cpp:438: Saving map as /home/runner/work/factorio-clone/factorio-clone/work/candidate.zip
  13.814 Info MainLoop.cpp:449: Saving progress: 0.001038%
  14.814 Info MainLoop.cpp:449: Saving progress: 47.611633%
  15.614 Info MainLoop.cpp:449: Saving progress: 100.000000%
